[godofdesign.framer.wiki/index.html]
[backblue.gif]
[fade.gif]
[index.html]
[framerusercontent.com/images/eVTjd4i7OQQ9C0ht13t6fN1Euo.png]
[godofdesign.framer.wiki/experience.html]
[godofdesign.framer.wiki/projects.html]
[godofdesign.framer.wiki/tools.html]
[godofdesign.framer.wiki/blog.html]
[framerusercontent.com/images/w2hyXovpoCcfHZkjR4Hmr53RA5obf23.jpg]
[framerusercontent.com/images/HZVty7h6pOWqz9MgOrGioC5dEM.jpg]
[framerusercontent.com/images/xk6Txt07CRRH1vKcDVTQJSzZx5o.jpg]
[framerusercontent.com/images/QYuBadXuZMyXPEyAxGrVh7iNaU.jpg]
[framerusercontent.com/images/ay9QMj9AVG8gxBjilndTmDdmeQ.png]
[framerusercontent.com/images/SvTAZZonMqViqF7fP6GK7CWmL84.png]
[framerusercontent.com/images/U1s9zT0tOtXbjdWvMrIgPFH0TyM.png]
[framerusercontent.com/images/MViiiLyIvL8tvy7d1XtOsM32o.png]
[framerusercontent.com/images/iP5FTKjb84EsPLiEwbrAY7NEy44.png]
[framerusercontent.com/images/MnQFYNLxlgT4EvY2ctcJfHAXZA.png]
[godofdesign.framer.wiki/blog/starting-a-career-in-web-design.html]
[godofdesign.framer.wiki/blog/create-a-landing-page-that-performs-great.html]
[godofdesign.framer.wiki/index.html]
[godofdesign.framer.wiki/experience.html]
[godofdesign.framer.wiki/projects.html]
[godofdesign.framer.wiki/tools.html]
[godofdesign.framer.wiki/blog/how-can-designers-prepare-for-the-future.html]
[godofdesign.framer.wiki/blog/building-a-navigation-component.html]
[godofdesign.framer.wiki/blog.html]
[godofdesign.framer.wiki/blog/how-to-create-an-effective-design-portfolio.html]
[framerusercontent.com/images/a70g11CzlnQYCTEi1c802r8x1CE.jpg]
[godofdesign.framer.wiki/blog/starting-a-career-in-web-design.html]
[framerusercontent.com/images/SmKpJArNfpH0J4YgHNcqsyxuyEA.jpg]
[godofdesign.framer.wiki/blog/create-a-landing-page-that-performs-great.html]
[framerusercontent.com/images/iwNXp5FbnVuonnC3boDtFbw8Mk.jpg]
[godofdesign.framer.wiki/blog/how-can-designers-prepare-for-the-future.html]
[framerusercontent.com/images/zOWx0eEsJcZm7ntGp0RzPSjE00.jpg]
[godofdesign.framer.wiki/blog/building-a-navigation-component.html]
[framerusercontent.com/images/X45kreSZsm5DFF2be6T8o6YaJAQ.jpg]
[godofdesign.framer.wiki/blog/how-to-create-an-effective-design-portfolio.html]
